
> founder-flow@0.1.0 build
> next build

Γû▓ Next.js 16.1.3 (Turbopack)
- Environments: .env.local

  Creating an optimized production build ...
Γ£ô Compiled successfully in 11.4s
  Running TypeScript ...
  Collecting page data using 11 workers ...
  Generating static pages using 11 workers (0/37) ...
  Generating static pages using 11 workers (9/37) 
  Generating static pages using 11 workers (18/37) 
  Generating static pages using 11 workers (27/37) 
Γ£ô Generating static pages using 11 workers (37/37) in 997.2ms
  Finalizing page optimization ...

Route (app)
Γöî Γùï /
Γö£ Γùï /_not-found
Γö£ Γùï /admin/dashboard
Γö£ Γùï /admin/startups
Γö£ Γùï /admin/users
Γö£ ╞Æ /api/admin/delete-user
Γö£ ╞Æ /api/execute-task
Γö£ ╞Æ /api/generate-roadmap
Γö£ ╞Æ /api/generate-tasks
Γö£ ╞Æ /api/validate-idea
Γö£ Γùï /customer/dashboard
Γö£ ╞Æ /customer/feedback/[startupId]
Γö£ Γùï /customer/products
Γö£ Γùï /customer/profile
Γö£ Γùï /founder
Γö£ Γùï /founder/chat
Γö£ Γùï /founder/dashboard
Γö£ Γùï /founder/idea-validation
Γö£ Γùï /founder/matching
Γö£ Γùï /founder/planning
Γö£ Γùï /founder/profile
Γö£ Γùï /founder/tasks
Γö£ Γùï /founder/timeline
Γö£ Γùï /internal-admin-login
Γö£ Γùï /investor/dashboard
Γö£ Γùï /investor/dealflow
Γö£ Γùï /investor/profile
Γö£ ╞Æ /investor/project/[projectId]
Γö£ Γùï /investor/startups
Γö£ ╞Æ /investor/startups/[id]
Γö£ Γùï /job-seeker/dashboard
Γö£ Γùï /job-seeker/matches
Γö£ Γùï /job-seeker/onboarding
Γö£ Γùï /job-seeker/profile
Γö£ Γùï /login
Γö£ Γùï /onboarding
Γö£ Γùï /projects
Γöö Γùï /projects/create


Γùï  (Static)   prerendered as static content
╞Æ  (Dynamic)  server-rendered on demand

